gc 1 @0.001s 2%: 0.010+0.39+0.033 ms clock, 0.010+0/0/0.23+0.033 ms cpu, 11->11->11 MB, 12 MB goal, 1 P
gc 2 @0.009s 0%: 0.004+14+0.009 ms clock, 0.004+0/0.10/0+0.009 ms cpu, 22->22->11 MB, 23 MB goal, 1 P
gc 3 @0.114s 7%: 0.001+19+0.006 ms clock, 0.001+0/9.6/0+0.006 ms cpu, 44->44->44 MB, 45 MB goal, 1 P
num origin words: 2193010
gc 4 @0.235s 13%: 0.002+39+0.019 ms clock, 0.002+0.033/28/0+0.019 ms cpu, 45->90->89 MB, 89 MB goal, 1 P
gc 5 @0.275s 20%: 0.001+51+0.023 ms clock, 0.001+0.061/28/0+0.023 ms cpu, 90->179->133 MB, 179 MB goal, 1 P
gc 6 @0.328s 24%: 0.002+69+0.034 ms clock, 0.002+0.090/28/0+0.034 ms cpu, 134->266->177 MB, 267 MB goal, 1 P
gc 7 @0.399s 25%: 0.001+91+0.021 ms clock, 0.001+0.13/29/0+0.021 ms cpu, 178->351->218 MB, 354 MB goal, 1 P
gc 8 @0.493s 25%: 0.001+101+0.039 ms clock, 0.001+0.24/27/0+0.039 ms cpu, 219->429->254 MB, 436 MB goal, 1 P
gc 9 @0.597s 25%: 0.001+108+0.020 ms clock, 0.001+0.27/28/0+0.020 ms cpu, 259->495->281 MB, 509 MB goal, 1 P
gc 10 @0.711s 25%: 0.001+110+0.064 ms clock, 0.001+0.44/28/0+0.064 ms cpu, 293->543->295 MB, 563 MB goal, 1 P
gc 11 @0.830s 25%: 0.001+109+0.021 ms clock, 0.001+0.49/28/0+0.021 ms cpu, 316->567->297 MB, 591 MB goal, 1 P
gc 12 @0.950s 25%: 0.002+119+0.023 ms clock, 0.002+0.63/28/0+0.023 ms cpu, 327->572->290 MB, 595 MB goal, 1 P
gc 13 @1.082s 25%: 0.002+107+0.020 ms clock, 0.002+0.94/28/0+0.020 ms cpu, 328->560->277 MB, 581 MB goal, 1 P
gc 14 @1.202s 25%: 0.002+91+0.018 ms clock, 0.002+0.75/28/0+0.018 ms cpu, 320->537->263 MB, 555 MB goal, 1 P
gc 15 @1.305s 25%: 0.002+97+0.018 ms clock, 0.002+1.4/28/0+0.018 ms cpu, 308->510->248 MB, 526 MB goal, 1 P
gc 16 @1.417s 25%: 0.002+93+0.018 ms clock, 0.002+0.84/27/0+0.018 ms cpu, 293->484->238 MB, 497 MB goal, 1 P
gc 17 @1.523s 25%: 0.002+79+0.016 ms clock, 0.002+1.4/28/0+0.016 ms cpu, 283->464->227 MB, 476 MB goal, 1 P
gc 18 @1.613s 26%: 0.001+78+0.023 ms clock, 0.001+1.5/28/0+0.023 ms cpu, 270->447->224 MB, 455 MB goal, 1 P
gc 19 @1.705s 26%: 0.003+83+0.017 ms clock, 0.003+1.1/27/0+0.017 ms cpu, 263->439->223 MB, 448 MB goal, 1 P
gc 20 @1.800s 26%: 0.001+80+0.016 ms clock, 0.001+1.7/28/0+0.016 ms cpu, 262->437->222 MB, 447 MB goal, 1 P
gc 21 @1.889s 27%: 0.001+78+0.017 ms clock, 0.001+1.8/28/0+0.017 ms cpu, 258->436->225 MB, 444 MB goal, 1 P
gc 22 @1.977s 27%: 0.001+80+0.017 ms clock, 0.001+1.9/28/0+0.017 ms cpu, 258->443->232 MB, 451 MB goal, 1 P
gc 23 @2.065s 27%: 0.001+100+0.022 ms clock, 0.001+1.5/31/0+0.022 ms cpu, 260->454->241 MB, 465 MB goal, 1 P
gc 24 @2.176s 27%: 0.001+94+0.017 ms clock, 0.001+2.1/28/0+0.017 ms cpu, 270->466->245 MB, 482 MB goal, 1 P
gc 25 @2.279s 27%: 0.002+86+0.017 ms clock, 0.002+2.4/28/0+0.017 ms cpu, 273->477->252 MB, 490 MB goal, 1 P
gc 26 @2.373s 28%: 0.002+90+0.016 ms clock, 0.002+2.4/28/0+0.016 ms cpu, 276->491->263 MB, 505 MB goal, 1 P
gc 27 @2.470s 27%: 0.002+109+0.016 ms clock, 0.002+2.3/27/0+0.016 ms cpu, 282->511->276 MB, 527 MB goal, 1 P
gc 28 @2.587s 27%: 0.001+111+0.017 ms clock, 0.001+1.9/28/0+0.017 ms cpu, 295->528->282 MB, 553 MB goal, 1 P
gc 29 @2.707s 27%: 0.002+95+0.016 ms clock, 0.002+2.7/28/0+0.016 ms cpu, 305->537->281 MB, 564 MB goal, 1 P
gc 30 @2.810s 27%: 0.001+95+0.017 ms clock, 0.001+2.6/27/0+0.017 ms cpu, 304->542->286 MB, 562 MB goal, 1 P
gc 31 @2.914s 27%: 0.001+101+0.017 ms clock, 0.001+2.7/28/0+0.017 ms cpu, 307->552->293 MB, 573 MB goal, 1 P
gc 32 @3.023s 27%: 0.001+105+0.017 ms clock, 0.001+2.8/27/0+0.017 ms cpu, 312->564->301 MB, 587 MB goal, 1 P
gc 33 @3.135s 27%: 0.001+104+0.021 ms clock, 0.001+2.0/28/0+0.021 ms cpu, 318->569->300 MB, 602 MB goal, 1 P
gc 34 @3.248s 28%: 0.001+96+0.016 ms clock, 0.001+3.3/28/0+0.016 ms cpu, 324->567->292 MB, 600 MB goal, 1 P
gc 35 @3.352s 28%: 0.001+100+0.019 ms clock, 0.001+4.6/28/0+0.019 ms cpu, 316->561->295 MB, 585 MB goal, 1 P
gc 36 @3.459s 28%: 0.001+113+0.021 ms clock, 0.001+3.4/28/0+0.021 ms cpu, 308->565->307 MB, 591 MB goal, 1 P
gc 37 @3.578s 27%: 0.001+116+0.016 ms clock, 0.001+3.5/28/0+0.016 ms cpu, 317->586->318 MB, 614 MB goal, 1 P
gc 38 @3.700s 28%: 0.001+105+0.017 ms clock, 0.001+3.6/28/0+0.017 ms cpu, 327->605->328 MB, 637 MB goal, 1 P
gc 39 @3.811s 27%: 0.001+116+0.018 ms clock, 0.001+2.5/28/0+0.018 ms cpu, 334->613->329 MB, 657 MB goal, 1 P
gc 40 @3.935s 27%: 0.001+120+0.018 ms clock, 0.001+4.1/27/0+0.018 ms cpu, 345->609->315 MB, 659 MB goal, 1 P
gc 41 @4.065s 27%: 0.002+121+0.018 ms clock, 0.002+4.0/28/0+0.018 ms cpu, 336->599->313 MB, 630 MB goal, 1 P
gc 42 @4.195s 27%: 0.002+103+0.017 ms clock, 0.002+4.1/27/0+0.017 ms cpu, 333->596->314 MB, 627 MB goal, 1 P
gc 43 @4.306s 27%: 0.002+104+0.017 ms clock, 0.002+4.2/27/0+0.017 ms cpu, 328->598->320 MB, 629 MB goal, 1 P
gc 44 @4.416s 27%: 0.002+110+0.026 ms clock, 0.002+5.2/27/0+0.026 ms cpu, 329->608->331 MB, 641 MB goal, 1 P
gc 45 @4.531s 27%: 0.001+117+0.016 ms clock, 0.001+4.4/27/0+0.016 ms cpu, 332->625->344 MB, 662 MB goal, 1 P
gc 46 @4.652s 27%: 0.001+124+0.018 ms clock, 0.001+0/31/0+0.018 ms cpu, 345->631->336 MB, 689 MB goal, 1 P
gc 47 @4.786s 27%: 0.001+104+0.019 ms clock, 0.001+5.0/28/0+0.019 ms cpu, 365->622->309 MB, 673 MB goal, 1 P
gc 48 @4.901s 27%: 0.002+100+0.016 ms clock, 0.002+4.9/28/0+0.016 ms cpu, 337->589->304 MB, 619 MB goal, 1 P
gc 49 @5.009s 27%: 0.002+102+0.017 ms clock, 0.002+5.2/28/0+0.017 ms cpu, 322->580->310 MB, 609 MB goal, 1 P
gc 50 @5.117s 27%: 0.002+122+0.021 ms clock, 0.002+5.3/31/0+0.021 ms cpu, 317->589->325 MB, 621 MB goal, 1 P
gc 51 @5.243s 27%: 0.002+125+0.017 ms clock, 0.002+5.7/28/0+0.017 ms cpu, 326->615->341 MB, 651 MB goal, 1 P
gc 52 @5.372s 27%: 0.002+113+0.016 ms clock, 0.002+5.3/28/0+0.016 ms cpu, 342->641->352 MB, 682 MB goal, 1 P
gc 53 @5.490s 27%: 0.002+115+0.017 ms clock, 0.002+5.8/28/0+0.017 ms cpu, 353->659->359 MB, 704 MB goal, 1 P
gc 54 @5.609s 27%: 0.001+118+0.018 ms clock, 0.001+6.1/28/0+0.018 ms cpu, 360->672->365 MB, 719 MB goal, 1 P
gc 55 @5.731s 27%: 0.001+136+0.016 ms clock, 0.001+0/32/0+0.016 ms cpu, 366->653->340 MB, 730 MB goal, 1 P
gc 56 @5.883s 27%: 0.001+117+0.019 ms clock, 0.001+6.6/28/0+0.019 ms cpu, 376->624->303 MB, 680 MB goal, 1 P
gc 57 @6.013s 27%: 0.002+101+0.017 ms clock, 0.002+6.1/28/0+0.017 ms cpu, 335->576->296 MB, 606 MB goal, 1 P
gc 58 @6.122s 27%: 0.002+101+0.017 ms clock, 0.002+6.7/28/0+0.017 ms cpu, 313->564->305 MB, 593 MB goal, 1 P
gc 59 @6.227s 27%: 0.001+107+0.016 ms clock, 0.001+6.8/28/0+0.016 ms cpu, 306->578->327 MB, 611 MB goal, 1 P
gc 60 @6.338s 27%: 0.001+118+0.024 ms clock, 0.001+7.2/28/0+0.024 ms cpu, 328->615->342 MB, 654 MB goal, 1 P
gc 61 @6.460s 27%: 0.003+121+0.015 ms clock, 0.003+6.9/28/0+0.015 ms cpu, 343->635->346 MB, 685 MB goal, 1 P
gc 62 @6.585s 27%: 0.001+124+0.018 ms clock, 0.001+6.9/28/0+0.018 ms cpu, 347->648->356 MB, 693 MB goal, 1 P
gc 63 @6.714s 27%: 0.001+119+0.014 ms clock, 0.001+6.9/27/0+0.014 ms cpu, 357->664->362 MB, 713 MB goal, 1 P
gc 64 @6.838s 27%: 0.001+113+0.015 ms clock, 0.001+6.9/28/0+0.015 ms cpu, 363->659->351 MB, 725 MB goal, 1 P
gc 65 @6.956s 27%: 0.001+116+0.015 ms clock, 0.001+7.4/28/0+0.015 ms cpu, 352->657->360 MB, 703 MB goal, 1 P
gc 66 @7.076s 28%: 0.001+119+0.016 ms clock, 0.001+7.6/28/0+0.016 ms cpu, 361->671->366 MB, 720 MB goal, 1 P
gc 67 @7.200s 27%: 0.001+134+0.019 ms clock, 0.001+0/33/0+0.019 ms cpu, 367->628->316 MB, 732 MB goal, 1 P
gc 68 @7.350s 27%: 0.001+105+0.018 ms clock, 0.001+8.3/28/0+0.018 ms cpu, 361->582->277 MB, 633 MB goal, 1 P
gc 69 @7.468s 28%: 0.002+94+0.017 ms clock, 0.002+7.8/27/0+0.017 ms cpu, 309->530->278 MB, 555 MB goal, 1 P
gc 70 @7.568s 28%: 0.002+101+0.017 ms clock, 0.002+8.3/28/0+0.017 ms cpu, 286->530->302 MB, 557 MB goal, 1 P
gc 71 @7.672s 28%: 0.002+108+0.016 ms clock, 0.002+8.4/28/0+0.016 ms cpu, 303->571->325 MB, 604 MB goal, 1 P
gc 72 @7.784s 28%: 0.001+114+0.017 ms clock, 0.001+8.1/28/0+0.017 ms cpu, 326->611->342 MB, 651 MB goal, 1 P
gc 73 @7.902s 28%: 0.001+116+0.017 ms clock, 0.001+8.6/28/0+0.017 ms cpu, 343->640->354 MB, 685 MB goal, 1 P
gc 74 @8.022s 28%: 0.001+125+0.015 ms clock, 0.001+8.9/28/0+0.015 ms cpu, 355->642->345 MB, 709 MB goal, 1 P
gc 75 @8.152s 28%: 0.001+129+0.017 ms clock, 0.001+8.8/28/0+0.017 ms cpu, 346->624->336 MB, 690 MB goal, 1 P
gc 76 @8.285s 28%: 0.001+120+0.018 ms clock, 0.001+8.7/28/0+0.018 ms cpu, 337->630->351 MB, 673 MB goal, 1 P
gc 77 @8.409s 28%: 0.001+119+0.016 ms clock, 0.001+8.8/28/0+0.016 ms cpu, 352->654->360 MB, 702 MB goal, 1 P
gc 78 @8.532s 28%: 0.001+119+0.016 ms clock, 0.001+9.0/27/0+0.016 ms cpu, 361->671->367 MB, 721 MB goal, 1 P
gc 79 @8.655s 28%: 0.001+118+0.015 ms clock, 0.001+9.0/27/0+0.015 ms cpu, 368->677->367 MB, 735 MB goal, 1 P
gc 80 @8.778s 28%: 0.001+114+0.015 ms clock, 0.001+9.2/27/0+0.015 ms cpu, 368->661->350 MB, 735 MB goal, 1 P
gc 81 @8.897s 28%: 0.001+134+0.024 ms clock, 0.001+6.3/29/0+0.024 ms cpu, 352->610->317 MB, 701 MB goal, 1 P
gc 82 @9.041s 28%: 0.005+111+0.021 ms clock, 0.005+10/28/0+0.021 ms cpu, 336->574->298 MB, 634 MB goal, 1 P
gc 83 @9.157s 28%: 0.003+106+0.018 ms clock, 0.003+10/27/0+0.018 ms cpu, 303->563->320 MB, 596 MB goal, 1 P
gc 84 @9.267s 28%: 0.002+113+0.017 ms clock, 0.002+10/27/0+0.017 ms cpu, 321->601->340 MB, 641 MB goal, 1 P
gc 85 @9.384s 28%: 0.001+117+0.017 ms clock, 0.001+10/28/0+0.017 ms cpu, 341->635->354 MB, 681 MB goal, 1 P
gc 86 @9.505s 28%: 0.001+120+0.019 ms clock, 0.001+10/27/0+0.019 ms cpu, 355->659->364 MB, 709 MB goal, 1 P
gc 87 @9.630s 28%: 0.001+114+0.017 ms clock, 0.001+10/27/0+0.017 ms cpu, 365->648->343 MB, 729 MB goal, 1 P
gc 88 @9.748s 28%: 0.002+117+0.019 ms clock, 0.002+10/28/0+0.019 ms cpu, 344->640->357 MB, 687 MB goal, 1 P
gc 89 @9.869s 28%: 0.002+129+0.018 ms clock, 0.002+10/30/0+0.018 ms cpu, 358->636->339 MB, 714 MB goal, 1 P
gc 90 @10.003s 28%: 0.002+125+0.016 ms clock, 0.002+11/29/0+0.016 ms cpu, 340->616->336 MB, 678 MB goal, 1 P
gc 91 @10.132s 28%: 0.002+117+0.018 ms clock, 0.002+11/28/0+0.018 ms cpu, 337->629->352 MB, 673 MB goal, 1 P
gc 92 @10.253s 28%: 0.002+113+0.018 ms clock, 0.002+11/28/0+0.018 ms cpu, 353->629->337 MB, 705 MB goal, 1 P
gc 93 @10.371s 28%: 0.001+117+0.019 ms clock, 0.001+11/27/0+0.019 ms cpu, 338->630->353 MB, 674 MB goal, 1 P
gc 94 @10.492s 28%: 0.002+120+0.017 ms clock, 0.002+11/27/0+0.017 ms cpu, 354->657->364 MB, 706 MB goal, 1 P
gc 95 @10.616s 28%: 0.001+114+0.014 ms clock, 0.001+11/27/0+0.014 ms cpu, 365->647->344 MB, 728 MB goal, 1 P
gc 96 @10.734s 29%: 0.002+118+0.017 ms clock, 0.002+11/28/0+0.017 ms cpu, 345->641->358 MB, 688 MB goal, 1 P
gc 97 @10.857s 29%: 0.002+132+0.016 ms clock, 0.002+11/29/0+0.016 ms cpu, 359->638->341 MB, 716 MB goal, 1 P
gc 98 @10.994s 29%: 0.002+125+0.015 ms clock, 0.002+11/27/0+0.015 ms cpu, 342->611->331 MB, 682 MB goal, 1 P
gc 99 @11.123s 29%: 0.001+125+0.024 ms clock, 0.001+0/36/0+0.024 ms cpu, 332->559->289 MB, 662 MB goal, 1 P
gc 100 @11.262s 29%: 0.003+92+0.020 ms clock, 0.003+12/28/0+0.020 ms cpu, 334->526->256 MB, 578 MB goal, 1 P
gc 101 @11.362s 29%: 0.002+98+0.020 ms clock, 0.002+12/28/0+0.020 ms cpu, 273->489->281 MB, 513 MB goal, 1 P
gc 102 @11.464s 29%: 0.002+106+0.015 ms clock, 0.002+12/27/0+0.015 ms cpu, 282->532->314 MB, 562 MB goal, 1 P
gc 103 @11.574s 29%: 0.001+113+0.019 ms clock, 0.001+12/27/0+0.019 ms cpu, 315->589->338 MB, 628 MB goal, 1 P
gc 104 @11.691s 29%: 0.001+120+0.018 ms clock, 0.001+12/27/0+0.018 ms cpu, 339->631->356 MB, 677 MB goal, 1 P
gc 105 @11.815s 29%: 0.001+121+0.020 ms clock, 0.001+13/28/0+0.020 ms cpu, 357->627->334 MB, 712 MB goal, 1 P
gc 106 @11.941s 29%: 0.003+118+0.016 ms clock, 0.003+13/28/0+0.016 ms cpu, 335->591->320 MB, 669 MB goal, 1 P
gc 107 @12.063s 29%: 0.001+119+0.017 ms clock, 0.001+13/28/0+0.017 ms cpu, 321->600->343 MB, 641 MB goal, 1 P
gc 108 @12.186s 29%: 0.001+121+0.018 ms clock, 0.001+13/27/0+0.018 ms cpu, 344->639->359 MB, 687 MB goal, 1 P
gc 109 @12.312s 29%: 0.001+113+0.015 ms clock, 0.001+13/28/0+0.015 ms cpu, 361->631->335 MB, 719 MB goal, 1 P
gc 110 @12.429s 29%: 0.001+118+0.017 ms clock, 0.001+13/28/0+0.017 ms cpu, 336->625->354 MB, 670 MB goal, 1 P
gc 111 @12.551s 29%: 0.002+112+0.015 ms clock, 0.002+13/27/0+0.015 ms cpu, 355->622->332 MB, 708 MB goal, 1 P
gc 112 @12.668s 29%: 0.001+119+0.018 ms clock, 0.001+14/27/0+0.018 ms cpu, 333->620->352 MB, 665 MB goal, 1 P
gc 113 @12.791s 29%: 0.001+112+0.016 ms clock, 0.001+13/28/0+0.016 ms cpu, 353->619->331 MB, 705 MB goal, 1 P
gc 114 @12.908s 29%: 0.002+118+0.018 ms clock, 0.002+14/28/0+0.018 ms cpu, 332->619->352 MB, 663 MB goal, 1 P
gc 115 @13.030s 29%: 0.002+113+0.015 ms clock, 0.002+14/28/0+0.015 ms cpu, 353->619->331 MB, 704 MB goal, 1 P
gc 116 @13.146s 29%: 0.002+125+0.017 ms clock, 0.002+14/30/0+0.017 ms cpu, 332->586->320 MB, 663 MB goal, 1 P
gc 117 @13.275s 29%: 0.001+120+0.016 ms clock, 0.001+14/28/0+0.016 ms cpu, 321->568->313 MB, 640 MB goal, 1 P
gc 118 @13.399s 30%: 0.002+115+0.018 ms clock, 0.002+14/27/0+0.018 ms cpu, 314->587->339 MB, 626 MB goal, 1 P
gc 119 @13.518s 30%: 0.002+121+0.017 ms clock, 0.002+14/28/0+0.017 ms cpu, 340->632->358 MB, 678 MB goal, 1 P
gc 120 @13.644s 30%: 0.001+114+0.016 ms clock, 0.001+14/28/0+0.016 ms cpu, 359->628->335 MB, 716 MB goal, 1 P
gc 121 @13.762s 30%: 0.001+119+0.021 ms clock, 0.001+15/27/0+0.021 ms cpu, 336->625->355 MB, 671 MB goal, 1 P
gc 122 @13.886s 30%: 0.001+114+0.015 ms clock, 0.001+14/28/0+0.015 ms cpu, 356->624->334 MB, 711 MB goal, 1 P
gc 123 @14.005s 30%: 0.001+128+0.018 ms clock, 0.001+10/28/0+0.018 ms cpu, 335->546->277 MB, 668 MB goal, 1 P
gc 124 @14.142s 30%: 0.002+96+0.017 ms clock, 0.002+15/28/0+0.017 ms cpu, 300->497->266 MB, 554 MB goal, 1 P
gc 125 @14.242s 30%: 0.001+108+0.021 ms clock, 0.001+15/28/0+0.021 ms cpu, 267->504->306 MB, 532 MB goal, 1 P
gc 126 @14.353s 30%: 0.001+118+0.017 ms clock, 0.001+17/27/0+0.017 ms cpu, 307->575->336 MB, 613 MB goal, 1 P
gc 127 @14.476s 30%: 0.001+124+0.015 ms clock, 0.001+16/27/0+0.015 ms cpu, 337->584->315 MB, 673 MB goal, 1 P
gc 128 @14.604s 30%: 0.001+122+0.015 ms clock, 0.001+16/27/0+0.015 ms cpu, 316->563->316 MB, 631 MB goal, 1 P
gc 129 @14.729s 30%: 0.001+118+0.019 ms clock, 0.001+16/28/0+0.019 ms cpu, 317->592->344 MB, 633 MB goal, 1 P
gc 130 @14.852s 30%: 0.001+126+0.018 ms clock, 0.001+16/28/0+0.018 ms cpu, 345->640->364 MB, 689 MB goal, 1 P
gc 131 @14.982s 30%: 0.001+114+0.014 ms clock, 0.001+16/27/0+0.014 ms cpu, 365->626->330 MB, 728 MB goal, 1 P
gc 132 @15.100s 30%: 0.001+120+0.017 ms clock, 0.001+16/27/0+0.017 ms cpu, 331->617->355 MB, 661 MB goal, 1 P
gc 133 @15.225s 30%: 0.001+112+0.015 ms clock, 0.001+16/27/0+0.015 ms cpu, 356->612->326 MB, 710 MB goal, 1 P
gc 134 @15.341s 30%: 0.001+119+0.019 ms clock, 0.001+17/28/0+0.019 ms cpu, 327->608->351 MB, 652 MB goal, 1 P
gc 135 @15.465s 30%: 0.001+112+0.014 ms clock, 0.001+17/27/0+0.014 ms cpu, 352->607->324 MB, 703 MB goal, 1 P
gc 136 @15.582s 30%: 0.001+119+0.017 ms clock, 0.001+17/28/0+0.017 ms cpu, 325->606->350 MB, 649 MB goal, 1 P
gc 137 @15.705s 30%: 0.001+125+0.018 ms clock, 0.001+18/27/0+0.018 ms cpu, 351->605->324 MB, 701 MB goal, 1 P
gc 138 @15.834s 30%: 0.003+118+0.017 ms clock, 0.003+17/28/0+0.017 ms cpu, 325->564->309 MB, 648 MB goal, 1 P
gc 139 @15.957s 31%: 0.003+118+0.019 ms clock, 0.003+17/28/0+0.019 ms cpu, 310->580->340 MB, 618 MB goal, 1 P
gc 140 @16.079s 31%: 0.001+122+0.015 ms clock, 0.001+17/28/0+0.015 ms cpu, 341->627->356 MB, 680 MB goal, 1 P
gc 141 @16.205s 31%: 0.001+114+0.016 ms clock, 0.001+17/27/0+0.016 ms cpu, 357->614->327 MB, 713 MB goal, 1 P
gc 142 @16.323s 31%: 0.001+120+0.016 ms clock, 0.001+17/27/0+0.016 ms cpu, 328->611->353 MB, 655 MB goal, 1 P
gc 143 @16.448s 31%: 0.001+114+0.018 ms clock, 0.001+17/28/0+0.018 ms cpu, 354->609->326 MB, 706 MB goal, 1 P
gc 144 @16.566s 31%: 0.001+120+0.017 ms clock, 0.001+18/28/0+0.017 ms cpu, 327->608->352 MB, 652 MB goal, 1 P
gc 145 @16.690s 31%: 0.001+114+0.016 ms clock, 0.001+18/28/0+0.016 ms cpu, 353->607->325 MB, 704 MB goal, 1 P
gc 146 @16.808s 31%: 0.001+120+0.016 ms clock, 0.001+18/27/0+0.016 ms cpu, 326->607->352 MB, 651 MB goal, 1 P
gc 147 @16.933s 31%: 0.001+114+0.016 ms clock, 0.001+18/28/0+0.016 ms cpu, 353->607->325 MB, 704 MB goal, 1 P
gc 148 @17.052s 31%: 0.001+121+0.034 ms clock, 0.001+18/27/0+0.034 ms cpu, 326->608->353 MB, 651 MB goal, 1 P
gc 149 @17.177s 31%: 0.001+114+0.016 ms clock, 0.001+18/27/0+0.016 ms cpu, 354->609->326 MB, 706 MB goal, 1 P
gc 150 @17.295s 31%: 0.001+126+0.024 ms clock, 0.001+18/28/0+0.024 ms cpu, 327->609->353 MB, 653 MB goal, 1 P
gc 151 @17.425s 31%: 0.001+129+0.014 ms clock, 0.001+18/28/0+0.014 ms cpu, 354->610->327 MB, 707 MB goal, 1 P
gc 152 @17.558s 31%: 0.001+121+0.016 ms clock, 0.001+18/28/0+0.016 ms cpu, 328->569->312 MB, 654 MB goal, 1 P
gc 153 @17.683s 31%: 0.001+127+0.020 ms clock, 0.001+0/40/0+0.020 ms cpu, 313->479->237 MB, 625 MB goal, 1 P
gc 154 @17.826s 31%: 0.002+84+0.019 ms clock, 0.002+19/27/0+0.019 ms cpu, 292->431->214 MB, 474 MB goal, 1 P
gc 155 @17.917s 31%: 0.002+99+0.018 ms clock, 0.002+20/28/0+0.018 ms cpu, 225->411->262 MB, 428 MB goal, 1 P
gc 156 @18.019s 31%: 0.001+110+0.019 ms clock, 0.001+20/28/0+0.019 ms cpu, 263->496->309 MB, 524 MB goal, 1 P
gc 157 @18.133s 31%: 0.001+119+0.016 ms clock, 0.001+20/27/0+0.016 ms cpu, 310->579->344 MB, 618 MB goal, 1 P
gc 158 @18.256s 31%: 0.002+127+0.017 ms clock, 0.002+20/27/0+0.017 ms cpu, 345->640->370 MB, 689 MB goal, 1 P
gc 159 @18.388s 32%: 0.001+114+0.026 ms clock, 0.001+20/28/0+0.026 ms cpu, 371->621->326 MB, 740 MB goal, 1 P
gc 160 @18.507s 32%: 0.001+119+0.016 ms clock, 0.001+20/27/0+0.016 ms cpu, 327->596->344 MB, 652 MB goal, 1 P
gc 161 @18.630s 32%: 0.001+111+0.016 ms clock, 0.001+20/27/0+0.016 ms cpu, 345->582->312 MB, 689 MB goal, 1 P
gc 162 @18.745s 32%: 0.002+121+0.019 ms clock, 0.002+21/27/0+0.019 ms cpu, 313->585->347 MB, 625 MB goal, 1 P
gc 163 @18.871s 32%: 0.002+112+0.016 ms clock, 0.002+20/28/0+0.016 ms cpu, 348->587->314 MB, 695 MB goal, 1 P
gc 164 @18.987s 32%: 0.001+124+0.019 ms clock, 0.001+22/28/0+0.019 ms cpu, 315->582->343 MB, 629 MB goal, 1 P
gc 165 @19.115s 32%: 0.002+125+0.016 ms clock, 0.002+21/28/0+0.016 ms cpu, 344->580->312 MB, 686 MB goal, 1 P
gc 166 @19.245s 32%: 0.002+119+0.017 ms clock, 0.002+21/27/0+0.017 ms cpu, 313->533->295 MB, 625 MB goal, 1 P
gc 167 @19.368s 32%: 0.002+116+0.017 ms clock, 0.002+21/28/0+0.017 ms cpu, 296->549->328 MB, 591 MB goal, 1 P
gc 168 @19.489s 32%: 0.001+126+0.018 ms clock, 0.001+21/28/0+0.018 ms cpu, 329->613->360 MB, 657 MB goal, 1 P
gc 169 @19.619s 32%: 0.001+114+0.014 ms clock, 0.001+21/27/0+0.014 ms cpu, 361->606->321 MB, 720 MB goal, 1 P
gc 170 @19.738s 32%: 0.001+121+0.016 ms clock, 0.001+21/27/0+0.016 ms cpu, 322->594->348 MB, 643 MB goal, 1 P
gc 171 @19.863s 32%: 0.001+113+0.016 ms clock, 0.001+21/28/0+0.016 ms cpu, 349->588->315 MB, 697 MB goal, 1 P
gc 172 @19.980s 32%: 0.002+121+0.017 ms clock, 0.002+21/27/0+0.017 ms cpu, 316->587->347 MB, 631 MB goal, 1 P
gc 173 @20.106s 32%: 0.001+113+0.016 ms clock, 0.001+21/28/0+0.016 ms cpu, 348->587->315 MB, 695 MB goal, 1 P
gc 174 @20.223s 32%: 0.001+121+0.015 ms clock, 0.001+21/28/0+0.015 ms cpu, 316->586->346 MB, 631 MB goal, 1 P
gc 175 @20.348s 32%: 0.001+127+0.018 ms clock, 0.001+22/29/0+0.018 ms cpu, 347->628->357 MB, 693 MB goal, 1 P
gc 176 @20.480s 32%: 0.001+115+0.017 ms clock, 0.001+22/28/0+0.017 ms cpu, 358->602->321 MB, 714 MB goal, 1 P
gc 177 @20.600s 32%: 0.001+124+0.018 ms clock, 0.001+22/28/0+0.018 ms cpu, 322->600->355 MB, 642 MB goal, 1 P
gc 178 @20.728s 32%: 0.001+127+0.019 ms clock, 0.001+23/29/0+0.019 ms cpu, 356->599->320 MB, 710 MB goal, 1 P
gc 179 @20.859s 32%: 0.001+117+0.016 ms clock, 0.001+22/28/0+0.016 ms cpu, 321->545->301 MB, 640 MB goal, 1 P
gc 180 @20.981s 33%: 0.003+121+0.016 ms clock, 0.003+22/28/0+0.016 ms cpu, 302->565->340 MB, 602 MB goal, 1 P
gc 181 @21.106s 33%: 0.002+113+0.016 ms clock, 0.002+22/28/0+0.016 ms cpu, 341->576->312 MB, 681 MB goal, 1 P
gc 182 @21.223s 33%: 0.002+121+0.016 ms clock, 0.002+22/28/0+0.016 ms cpu, 313->579->343 MB, 625 MB goal, 1 P
gc 183 @21.348s 33%: 0.001+113+0.016 ms clock, 0.001+22/28/0+0.016 ms cpu, 344->580->314 MB, 686 MB goal, 1 P
gc 184 @21.466s 33%: 0.001+121+0.018 ms clock, 0.001+22/28/0+0.018 ms cpu, 315->580->343 MB, 628 MB goal, 1 P
gc 185 @21.591s 33%: 0.001+114+0.017 ms clock, 0.001+23/28/0+0.017 ms cpu, 344->580->314 MB, 686 MB goal, 1 P
gc 186 @21.709s 33%: 0.002+121+0.016 ms clock, 0.002+23/28/0+0.016 ms cpu, 315->578->340 MB, 628 MB goal, 1 P
gc 187 @21.834s 33%: 0.001+115+0.019 ms clock, 0.001+23/28/0+0.019 ms cpu, 341->577->313 MB, 681 MB goal, 1 P
gc 188 @21.953s 33%: 0.002+125+0.020 ms clock, 0.002+23/28/0+0.020 ms cpu, 314->586->350 MB, 626 MB goal, 1 P
gc 189 @22.082s 33%: 0.002+116+0.016 ms clock, 0.002+23/28/0+0.016 ms cpu, 351->592->318 MB, 701 MB goal, 1 P
gc 190 @22.202s 33%: 0.001+123+0.027 ms clock, 0.001+23/27/0+0.027 ms cpu, 319->590->348 MB, 637 MB goal, 1 P
gc 191 @22.329s 33%: 0.001+115+0.016 ms clock, 0.001+23/28/0+0.016 ms cpu, 349->589->317 MB, 697 MB goal, 1 P
gc 192 @22.449s 33%: 0.001+124+0.015 ms clock, 0.001+23/28/0+0.015 ms cpu, 318->590->350 MB, 635 MB goal, 1 P
gc 193 @22.583s 33%: 0.003+132+0.022 ms clock, 0.003+0/45/0+0.022 ms cpu, 371->489->200 MB, 700 MB goal, 1 P
gc 194 @22.734s 33%: 0.003+97+0.034 ms clock, 0.003+26/30/0+0.034 ms cpu, 261->390->211 MB, 401 MB goal, 1 P
gc 195 @22.835s 33%: 0.002+114+0.021 ms clock, 0.002+24/28/0+0.021 ms cpu, 212->406->277 MB, 423 MB goal, 1 P
gc 196 @22.952s 33%: 0.002+120+0.017 ms clock, 0.002+25/27/0+0.017 ms cpu, 278->512->317 MB, 554 MB goal, 1 P
gc 197 @23.076s 33%: 0.002+128+0.017 ms clock, 0.002+25/28/0+0.017 ms cpu, 318->585->350 MB, 634 MB goal, 1 P
gc 198 @23.208s 33%: 0.001+113+0.018 ms clock, 0.001+25/28/0+0.018 ms cpu, 351->576->307 MB, 701 MB goal, 1 P
gc 199 @23.325s 33%: 0.001+121+0.017 ms clock, 0.001+26/27/0+0.017 ms cpu, 308->561->336 MB, 615 MB goal, 1 P
gc 200 @23.450s 33%: 0.002+127+0.018 ms clock, 0.002+25/28/0+0.018 ms cpu, 337->610->356 MB, 672 MB goal, 1 P
gc 201 @23.582s 34%: 0.001+114+0.017 ms clock, 0.001+25/27/0+0.017 ms cpu, 357->585->311 MB, 713 MB goal, 1 P
gc 202 @23.700s 34%: 0.001+120+0.017 ms clock, 0.001+25/28/0+0.017 ms cpu, 312->564->335 MB, 622 MB goal, 1 P
gc 203 @23.824s 34%: 0.001+127+0.016 ms clock, 0.001+25/28/0+0.016 ms cpu, 336->612->359 MB, 671 MB goal, 1 P
gc 204 @23.956s 34%: 0.001+114+0.017 ms clock, 0.001+25/27/0+0.017 ms cpu, 360->589->312 MB, 718 MB goal, 1 P
gc 205 @24.074s 34%: 0.001+120+0.022 ms clock, 0.001+25/27/0+0.022 ms cpu, 313->561->331 MB, 625 MB goal, 1 P
gc 206 @24.198s 34%: 0.001+127+0.018 ms clock, 0.001+25/27/0+0.018 ms cpu, 332->612->363 MB, 663 MB goal, 1 P
gc 207 @24.329s 34%: 0.001+116+0.018 ms clock, 0.001+26/28/0+0.018 ms cpu, 364->595->315 MB, 727 MB goal, 1 P
gc 208 @24.450s 34%: 0.001+126+0.019 ms clock, 0.001+26/28/0+0.019 ms cpu, 316->590->358 MB, 630 MB goal, 1 P
gc 209 @24.580s 34%: 0.001+115+0.016 ms clock, 0.001+26/27/0+0.016 ms cpu, 359->588->312 MB, 716 MB goal, 1 P
gc 210 @24.699s 34%: 0.001+114+0.017 ms clock, 0.001+26/28/0+0.017 ms cpu, 313->519->289 MB, 625 MB goal, 1 P
gc 211 @24.817s 34%: 0.001+118+0.019 ms clock, 0.001+26/28/0+0.019 ms cpu, 290->483->277 MB, 579 MB goal, 1 P
gc 212 @24.938s 34%: 0.002+132+0.020 ms clock, 0.002+26/29/0+0.020 ms cpu, 278->524->330 MB, 554 MB goal, 1 P
gc 213 @25.074s 34%: 0.001+113+0.015 ms clock, 0.001+26/28/0+0.015 ms cpu, 331->545->299 MB, 660 MB goal, 1 P
gc 214 @25.191s 34%: 0.002+124+0.018 ms clock, 0.002+26/27/0+0.018 ms cpu, 300->562->347 MB, 598 MB goal, 1 P
gc 215 @25.320s 34%: 0.001+114+0.014 ms clock, 0.001+26/27/0+0.014 ms cpu, 348->570->307 MB, 694 MB goal, 1 P
gc 216 @25.438s 34%: 0.001+121+0.015 ms clock, 0.001+27/28/0+0.015 ms cpu, 308->554->331 MB, 615 MB goal, 1 P
gc 217 @25.562s 34%: 0.001+127+0.016 ms clock, 0.001+26/28/0+0.016 ms cpu, 332->598->351 MB, 662 MB goal, 1 P
gc 218 @25.694s 34%: 0.001+115+0.017 ms clock, 0.001+27/28/0+0.017 ms cpu, 352->577->310 MB, 702 MB goal, 1 P
gc 219 @25.813s 34%: 0.001+119+0.016 ms clock, 0.001+27/27/0+0.016 ms cpu, 311->553->327 MB, 620 MB goal, 1 P
gc 220 @25.936s 34%: 0.001+127+0.032 ms clock, 0.001+27/28/0+0.032 ms cpu, 328->596->353 MB, 654 MB goal, 1 P
gc 221 @26.068s 34%: 0.001+116+0.017 ms clock, 0.001+27/28/0+0.017 ms cpu, 354->580->311 MB, 706 MB goal, 1 P
gc 222 @26.188s 35%: 0.001+127+0.017 ms clock, 0.001+27/27/0+0.017 ms cpu, 312->583->356 MB, 622 MB goal, 1 P
gc 223 @26.319s 35%: 0.001+116+0.015 ms clock, 0.001+27/27/0+0.015 ms cpu, 357->585->313 MB, 713 MB goal, 1 P
gc 224 @26.440s 35%: 0.001+129+0.018 ms clock, 0.001+27/28/0+0.018 ms cpu, 314->586->357 MB, 626 MB goal, 1 P
gc 225 @26.573s 35%: 0.001+117+0.016 ms clock, 0.001+28/28/0+0.016 ms cpu, 358->587->313 MB, 715 MB goal, 1 P
gc 226 @26.695s 35%: 0.001+113+0.018 ms clock, 0.001+28/28/0+0.018 ms cpu, 315->521->291 MB, 627 MB goal, 1 P
gc 227 @26.812s 35%: 0.003+114+0.016 ms clock, 0.003+27/28/0+0.016 ms cpu, 292->486->279 MB, 583 MB goal, 1 P
gc 228 @26.930s 35%: 0.001+124+0.015 ms clock, 0.001+27/28/0+0.015 ms cpu, 280->509->314 MB, 559 MB goal, 1 P
gc 229 @27.057s 35%: 0.001+128+0.017 ms clock, 0.001+28/28/0+0.017 ms cpu, 315->572->343 MB, 628 MB goal, 1 P
gc 230 @27.189s 35%: 0.002+115+0.017 ms clock, 0.002+28/27/0+0.017 ms cpu, 344->565->307 MB, 686 MB goal, 1 P
gc 231 @27.308s 35%: 0.001+128+0.018 ms clock, 0.001+28/27/0+0.018 ms cpu, 308->576->354 MB, 614 MB goal, 1 P
gc 232 @27.440s 35%: 0.001+118+0.017 ms clock, 0.001+28/28/0+0.017 ms cpu, 355->582->312 MB, 709 MB goal, 1 P
gc 233 @27.562s 35%: 0.001+128+0.017 ms clock, 0.001+28/28/0+0.017 ms cpu, 313->582->355 MB, 625 MB goal, 1 P
gc 234 @27.695s 35%: 0.001+117+0.018 ms clock, 0.001+28/27/0+0.018 ms cpu, 356->583->313 MB, 710 MB goal, 1 P
gc 235 @27.816s 35%: 0.001+111+0.018 ms clock, 0.001+28/27/0+0.018 ms cpu, 314->520->292 MB, 626 MB goal, 1 P
gc 236 @27.931s 35%: 0.001+123+0.017 ms clock, 0.001+29/28/0+0.017 ms cpu, 293->535->328 MB, 584 MB goal, 1 P
gc 237 @28.058s 35%: 0.002+114+0.018 ms clock, 0.002+29/28/0+0.018 ms cpu, 329->543->300 MB, 656 MB goal, 1 P
gc 238 @28.177s 35%: 0.001+127+0.020 ms clock, 0.001+29/28/0+0.020 ms cpu, 301->564->349 MB, 600 MB goal, 1 P
gc 239 @28.308s 35%: 0.001+117+0.015 ms clock, 0.001+29/27/0+0.015 ms cpu, 350->575->311 MB, 699 MB goal, 1 P
gc 240 @28.430s 35%: 0.001+112+0.017 ms clock, 0.001+29/27/0+0.017 ms cpu, 312->516->291 MB, 622 MB goal, 1 P
gc 241 @28.546s 35%: 0.002+125+0.017 ms clock, 0.002+29/27/0+0.017 ms cpu, 292->547->341 MB, 582 MB goal, 1 P
gc 242 @28.675s 35%: 0.002+117+0.022 ms clock, 0.002+30/28/0+0.022 ms cpu, 342->563->307 MB, 683 MB goal, 1 P
gc 243 @28.796s 35%: 0.003+127+0.016 ms clock, 0.003+29/28/0+0.016 ms cpu, 308->568->346 MB, 614 MB goal, 1 P
gc 244 @28.927s 36%: 0.001+117+0.017 ms clock, 0.001+29/28/0+0.017 ms cpu, 347->571->310 MB, 693 MB goal, 1 P
gc 245 @29.049s 36%: 0.001+178+0.015 ms clock, 0.001+29/28/0+0.015 ms cpu, 311->546->322 MB, 620 MB goal, 1 P
gc 246 @29.231s 36%: 0.001+120+0.018 ms clock, 0.001+31/28/0+0.018 ms cpu, 323->548->318 MB, 644 MB goal, 1 P
gc 247 @29.354s 36%: 0.001+129+0.020 ms clock, 0.001+31/28/0+0.020 ms cpu, 319->579->353 MB, 636 MB goal, 1 P
gc 248 @29.488s 36%: 0.001+116+0.017 ms clock, 0.001+31/28/0+0.017 ms cpu, 354->562->301 MB, 706 MB goal, 1 P
gc 249 @29.608s 36%: 0.001+128+0.017 ms clock, 0.001+31/27/0+0.017 ms cpu, 302->560->351 MB, 602 MB goal, 1 P
gc 250 @29.740s 36%: 0.001+115+0.016 ms clock, 0.001+31/28/0+0.016 ms cpu, 352->559->300 MB, 702 MB goal, 1 P
gc 251 @29.860s 36%: 0.001+129+0.017 ms clock, 0.001+32/28/0+0.017 ms cpu, 301->557->349 MB, 600 MB goal, 1 P
gc 252 @29.993s 36%: 0.001+115+0.017 ms clock, 0.001+31/28/0+0.017 ms cpu, 350->556->299 MB, 698 MB goal, 1 P
gc 253 @30.112s 36%: 0.001+119+0.018 ms clock, 0.001+32/28/0+0.018 ms cpu, 300->522->315 MB, 599 MB goal, 1 P
gc 254 @30.235s 36%: 0.001+127+0.016 ms clock, 0.001+32/27/0+0.016 ms cpu, 316->570->347 MB, 630 MB goal, 1 P
gc 255 @30.367s 36%: 0.001+116+0.019 ms clock, 0.001+32/28/0+0.019 ms cpu, 348->554->298 MB, 694 MB goal, 1 P
gc 256 @30.487s 36%: 0.001+128+0.016 ms clock, 0.001+32/28/0+0.016 ms cpu, 299->554->347 MB, 597 MB goal, 1 P
gc 257 @30.619s 36%: 0.001+115+0.018 ms clock, 0.001+32/28/0+0.018 ms cpu, 348->554->299 MB, 694 MB goal, 1 P
gc 258 @30.739s 36%: 0.001+119+0.016 ms clock, 0.001+32/27/0+0.016 ms cpu, 300->521->314 MB, 598 MB goal, 1 P
gc 259 @30.862s 36%: 0.001+127+0.021 ms clock, 0.001+32/28/0+0.021 ms cpu, 315->566->344 MB, 629 MB goal, 1 P
gc 260 @30.993s 36%: 0.001+117+0.018 ms clock, 0.001+32/28/0+0.018 ms cpu, 345->549->297 MB, 688 MB goal, 1 P
gc 261 @31.114s 36%: 0.001+128+0.015 ms clock, 0.001+32/28/0+0.015 ms cpu, 298->549->344 MB, 595 MB goal, 1 P
gc 262 @31.246s 36%: 0.001+116+0.017 ms clock, 0.001+32/28/0+0.017 ms cpu, 345->549->297 MB, 688 MB goal, 1 P
gc 263 @31.366s 36%: 0.001+123+0.020 ms clock, 0.001+33/30/0+0.020 ms cpu, 298->480->275 MB, 595 MB goal, 1 P
gc 264 @31.493s 36%: 0.001+116+0.017 ms clock, 0.001+33/29/0+0.017 ms cpu, 276->447->264 MB, 551 MB goal, 1 P
gc 265 @31.612s 37%: 0.001+125+0.019 ms clock, 0.001+33/28/0+0.019 ms cpu, 265->493->322 MB, 528 MB goal, 1 P
gc 266 @31.741s 37%: 0.001+114+0.017 ms clock, 0.001+33/28/0+0.017 ms cpu, 323->516->287 MB, 644 MB goal, 1 P
gc 267 @31.859s 37%: 0.002+121+0.016 ms clock, 0.002+33/28/0+0.016 ms cpu, 288->510->315 MB, 575 MB goal, 1 P
gc 268 @31.984s 37%: 0.002+128+0.016 ms clock, 0.002+33/28/0+0.016 ms cpu, 316->554->331 MB, 630 MB goal, 1 P
gc 269 @32.115s 37%: 0.001+115+0.018 ms clock, 0.001+33/28/0+0.018 ms cpu, 332->531->292 MB, 663 MB goal, 1 P
gc 270 @32.234s 37%: 0.002+130+0.016 ms clock, 0.002+33/28/0+0.016 ms cpu, 293->548->349 MB, 585 MB goal, 1 P
gc 271 @32.368s 37%: 0.002+117+0.016 ms clock, 0.002+33/28/0+0.016 ms cpu, 350->556->301 MB, 698 MB goal, 1 P
gc 272 @32.489s 37%: 0.001+128+0.017 ms clock, 0.001+33/28/0+0.017 ms cpu, 302->545->338 MB, 602 MB goal, 1 P
gc 273 @32.620s 37%: 0.001+116+0.019 ms clock, 0.001+34/27/0+0.019 ms cpu, 339->540->296 MB, 676 MB goal, 1 P
gc 274 @32.741s 37%: 0.001+129+0.016 ms clock, 0.001+34/27/0+0.016 ms cpu, 297->546->344 MB, 592 MB goal, 1 P
gc 275 @32.873s 37%: 0.001+116+0.020 ms clock, 0.001+34/27/0+0.020 ms cpu, 345->549->299 MB, 688 MB goal, 1 P
gc 276 @32.994s 37%: 0.001+128+0.017 ms clock, 0.001+34/28/0+0.017 ms cpu, 300->547->342 MB, 598 MB goal, 1 P
gc 277 @33.126s 37%: 0.001+117+0.017 ms clock, 0.001+33/28/0+0.017 ms cpu, 343->547->298 MB, 684 MB goal, 1 P
gc 278 @33.246s 37%: 0.001+128+0.017 ms clock, 0.001+34/27/0+0.017 ms cpu, 299->548->344 MB, 596 MB goal, 1 P
gc 279 @33.378s 37%: 0.001+116+0.016 ms clock, 0.001+34/28/0+0.016 ms cpu, 345->550->299 MB, 688 MB goal, 1 P
gc 280 @33.499s 37%: 0.001+128+0.017 ms clock, 0.001+34/27/0+0.017 ms cpu, 300->551->345 MB, 599 MB goal, 1 P
gc 281 @33.631s 37%: 0.001+117+0.016 ms clock, 0.001+34/28/0+0.016 ms cpu, 346->552->300 MB, 691 MB goal, 1 P
gc 282 @33.752s 37%: 0.001+111+0.018 ms clock, 0.001+34/27/0+0.018 ms cpu, 301->484->278 MB, 600 MB goal, 1 P
gc 283 @33.867s 37%: 0.001+124+0.017 ms clock, 0.001+34/28/0+0.017 ms cpu, 279->501->317 MB, 556 MB goal, 1 P
gc 284 @33.995s 37%: 0.001+127+0.019 ms clock, 0.001+35/28/0+0.019 ms cpu, 318->510->286 MB, 635 MB goal, 1 P
gc 285 @34.126s 37%: 0.001+120+0.018 ms clock, 0.001+34/28/0+0.018 ms cpu, 288->464->271 MB, 573 MB goal, 1 P
gc 286 @34.250s 37%: 0.002+125+0.015 ms clock, 0.002+34/27/0+0.015 ms cpu, 272->497->319 MB, 543 MB goal, 1 P
gc 287 @34.378s 38%: 0.001+115+0.016 ms clock, 0.001+34/28/0+0.016 ms cpu, 320->513->288 MB, 639 MB goal, 1 P
gc 288 @34.498s 38%: 0.001+130+0.016 ms clock, 0.001+34/28/0+0.016 ms cpu, 289->538->344 MB, 576 MB goal, 1 P
gc 289 @34.631s 38%: 0.002+118+0.019 ms clock, 0.002+35/28/0+0.019 ms cpu, 345->549->300 MB, 688 MB goal, 1 P
gc 290 @34.754s 38%: 0.002+112+0.015 ms clock, 0.002+35/27/0+0.015 ms cpu, 301->484->278 MB, 600 MB goal, 1 P
gc 291 @34.869s 38%: 0.001+122+0.013 ms clock, 0.001+35/27/0+0.013 ms cpu, 279->499->315 MB, 557 MB goal, 1 P
gc 292 @34.995s 38%: 0.002+114+0.016 ms clock, 0.002+35/28/0+0.016 ms cpu, 316->506->286 MB, 630 MB goal, 1 P
gc 293 @35.113s 38%: 0.002+121+0.016 ms clock, 0.002+35/28/0+0.016 ms cpu, 287->501->310 MB, 572 MB goal, 1 P
gc 294 @35.238s 38%: 0.001+113+0.020 ms clock, 0.001+35/27/0+0.020 ms cpu, 311->499->284 MB, 620 MB goal, 1 P
gc 295 @35.355s 38%: 0.001+122+0.017 ms clock, 0.001+35/27/0+0.017 ms cpu, 285->503->314 MB, 568 MB goal, 1 P
gc 296 @35.480s 38%: 0.002+114+0.029 ms clock, 0.002+35/28/0+0.029 ms cpu, 315->506->286 MB, 629 MB goal, 1 P
gc 297 @35.599s 38%: 0.001+130+0.018 ms clock, 0.001+35/28/0+0.018 ms cpu, 287->533->341 MB, 573 MB goal, 1 P
gc 298 @35.733s 38%: 0.002+118+0.016 ms clock, 0.002+36/28/0+0.016 ms cpu, 342->546->299 MB, 683 MB goal, 1 P
gc 299 @35.856s 38%: 0.002+126+0.017 ms clock, 0.002+35/28/0+0.017 ms cpu, 300->532->328 MB, 599 MB goal, 1 P
gc 300 @35.986s 38%: 0.001+116+0.017 ms clock, 0.001+35/28/0+0.017 ms cpu, 329->526->293 MB, 657 MB goal, 1 P
gc 301 @36.106s 38%: 0.001+128+0.016 ms clock, 0.001+36/28/0+0.016 ms cpu, 294->534->336 MB, 587 MB goal, 1 P
gc 302 @36.238s 38%: 0.001+118+0.018 ms clock, 0.001+36/28/0+0.018 ms cpu, 337->538->297 MB, 672 MB goal, 1 P
gc 303 @36.360s 38%: 0.001+113+0.030 ms clock, 0.001+36/28/0+0.030 ms cpu, 298->480->278 MB, 594 MB goal, 1 P
gc 304 @36.477s 38%: 0.001+121+0.020 ms clock, 0.001+36/27/0+0.020 ms cpu, 279->490->307 MB, 557 MB goal, 1 P
gc 305 @36.602s 38%: 0.001+122+0.017 ms clock, 0.001+37/28/0+0.017 ms cpu, 308->495->283 MB, 614 MB goal, 1 P
gc 306 @36.728s 38%: 0.001+117+0.017 ms clock, 0.001+36/28/0+0.017 ms cpu, 284->459->271 MB, 567 MB goal, 1 P
gc 307 @36.848s 38%: 0.001+124+0.018 ms clock, 0.001+36/28/0+0.018 ms cpu, 272->493->317 MB, 543 MB goal, 1 P
gc 308 @36.976s 38%: 0.001+117+0.016 ms clock, 0.001+36/28/0+0.016 ms cpu, 318->510->288 MB, 634 MB goal, 1 P
gc 309 @37.096s 39%: 0.001+113+0.017 ms clock, 0.001+36/28/0+0.017 ms cpu, 289->467->274 MB, 577 MB goal, 1 P
gc 310 @37.213s 39%: 0.002+123+0.017 ms clock, 0.002+36/28/0+0.017 ms cpu, 275->492->313 MB, 549 MB goal, 1 P
gc 311 @37.340s 39%: 0.001+116+0.015 ms clock, 0.001+36/28/0+0.015 ms cpu, 314->504->287 MB, 627 MB goal, 1 P
gc 312 @37.459s 39%: 0.001+112+0.018 ms clock, 0.001+36/28/0+0.018 ms cpu, 288->464->273 MB, 574 MB goal, 1 P
gc 313 @37.575s 39%: 0.001+125+0.032 ms clock, 0.001+36/27/0+0.032 ms cpu, 275->500->322 MB, 547 MB goal, 1 P
gc 314 @37.703s 39%: 0.001+117+0.017 ms clock, 0.001+36/27/0+0.017 ms cpu, 323->518->291 MB, 645 MB goal, 1 P
gc 315 @37.825s 39%: 0.002+113+0.018 ms clock, 0.002+37/28/0+0.018 ms cpu, 292->472->276 MB, 583 MB goal, 1 P
gc 316 @37.941s 39%: 0.002+122+0.028 ms clock, 0.002+37/28/0+0.028 ms cpu, 277->489->309 MB, 553 MB goal, 1 P
gc 317 @38.067s 39%: 0.002+115+0.017 ms clock, 0.002+37/27/0+0.017 ms cpu, 310->497->285 MB, 618 MB goal, 1 P
gc 318 @38.187s 39%: 0.001+213+0.022 ms clock, 0.001+0.033/52/0+0.022 ms cpu, 286->568->380 MB, 570 MB goal, 1 P
gc 319 @38.404s 39%: 0.001+124+0.017 ms clock, 0.001+39/28/0+0.017 ms cpu, 381->589->312 MB, 760 MB goal, 1 P
gc 320 @38.533s 39%: 0.001+114+0.017 ms clock, 0.001+39/28/0+0.017 ms cpu, 313->484->275 MB, 624 MB goal, 1 P
gc 321 @38.650s 39%: 0.001+121+0.016 ms clock, 0.001+39/28/0+0.016 ms cpu, 276->472->300 MB, 551 MB goal, 1 P
gc 322 @38.775s 39%: 0.001+112+0.016 ms clock, 0.001+39/27/0+0.016 ms cpu, 301->467->270 MB, 601 MB goal, 1 P
gc 323 @38.890s 39%: 0.001+124+0.017 ms clock, 0.001+39/27/0+0.017 ms cpu, 271->481->314 MB, 541 MB goal, 1 P
gc 324 @39.017s 39%: 0.001+113+0.016 ms clock, 0.001+39/27/0+0.016 ms cpu, 315->488->277 MB, 629 MB goal, 1 P
gc 325 @39.134s 39%: 0.001+122+0.021 ms clock, 0.001+39/28/0+0.021 ms cpu, 278->479->305 MB, 554 MB goal, 1 P
gc 326 @39.260s 39%: 0.003+112+0.017 ms clock, 0.003+39/28/0+0.017 ms cpu, 306->475->273 MB, 611 MB goal, 1 P
gc 327 @39.376s 39%: 0.003+122+0.016 ms clock, 0.003+39/27/0+0.016 ms cpu, 274->480->310 MB, 546 MB goal, 1 P
gc 328 @39.502s 39%: 0.001+113+0.017 ms clock, 0.001+39/28/0+0.017 ms cpu, 311->482->275 MB, 621 MB goal, 1 P
gc 329 @39.619s 39%: 0.001+122+0.017 ms clock, 0.001+40/28/0+0.017 ms cpu, 276->477->305 MB, 551 MB goal, 1 P
gc 330 @39.744s 39%: 0.001+113+0.017 ms clock, 0.001+40/28/0+0.017 ms cpu, 306->474->273 MB, 611 MB goal, 1 P
gc 331 @39.861s 39%: 0.001+122+0.016 ms clock, 0.001+40/28/0+0.016 ms cpu, 274->473->304 MB, 547 MB goal, 1 P
gc 332 @39.987s 40%: 0.002+113+0.017 ms clock, 0.002+40/28/0+0.017 ms cpu, 305->472->272 MB, 608 MB goal, 1 P
gc 333 @40.104s 40%: 0.002+122+0.020 ms clock, 0.002+41/27/0+0.020 ms cpu, 274->470->301 MB, 545 MB goal, 1 P
gc 334 @40.230s 40%: 0.006+113+0.017 ms clock, 0.006+40/28/0+0.017 ms cpu, 302->469->272 MB, 603 MB goal, 1 P
gc 335 @40.346s 40%: 0.001+122+0.020 ms clock, 0.001+41/28/0+0.020 ms cpu, 273->467->300 MB, 544 MB goal, 1 P
gc 336 @40.472s 40%: 0.002+114+0.017 ms clock, 0.002+40/28/0+0.017 ms cpu, 301->467->271 MB, 600 MB goal, 1 P
gc 337 @40.590s 40%: 0.001+121+0.017 ms clock, 0.001+40/28/0+0.017 ms cpu, 272->468->301 MB, 542 MB goal, 1 P
gc 338 @40.714s 40%: 0.002+113+0.017 ms clock, 0.002+40/27/0+0.017 ms cpu, 302->468->272 MB, 602 MB goal, 1 P
gc 339 @40.831s 40%: 0.002+122+0.017 ms clock, 0.002+40/28/0+0.017 ms cpu, 273->473->306 MB, 544 MB goal, 1 P
gc 340 @40.957s 40%: 0.001+114+0.017 ms clock, 0.001+40/28/0+0.017 ms cpu, 307->475->274 MB, 612 MB goal, 1 P
gc 341 @41.075s 40%: 0.002+121+0.016 ms clock, 0.002+40/28/0+0.016 ms cpu, 275->470->300 MB, 548 MB goal, 1 P
gc 342 @41.199s 40%: 0.002+113+0.020 ms clock, 0.002+40/28/0+0.020 ms cpu, 301->468->272 MB, 601 MB goal, 1 P
gc 343 @41.317s 40%: 0.001+122+0.016 ms clock, 0.001+41/28/0+0.016 ms cpu, 273->469->301 MB, 544 MB goal, 1 P
gc 344 @41.442s 40%: 0.002+114+0.016 ms clock, 0.002+41/28/0+0.016 ms cpu, 302->469->272 MB, 603 MB goal, 1 P
gc 345 @41.559s 40%: 0.001+121+0.018 ms clock, 0.001+41/28/0+0.018 ms cpu, 273->468->300 MB, 545 MB goal, 1 P
gc 346 @41.685s 40%: 0.001+128+0.017 ms clock, 0.001+41/28/0+0.017 ms cpu, 301->514->319 MB, 601 MB goal, 1 P
gc 347 @41.816s 40%: 0.002+116+0.017 ms clock, 0.002+41/28/0+0.017 ms cpu, 320->494->280 MB, 638 MB goal, 1 P
gc 348 @41.936s 40%: 0.001+129+0.018 ms clock, 0.001+41/28/0+0.018 ms cpu, 281->499->323 MB, 561 MB goal, 1 P
gc 349 @42.069s 40%: 0.001+117+0.017 ms clock, 0.001+41/28/0+0.017 ms cpu, 324->500->282 MB, 646 MB goal, 1 P
gc 350 @42.190s 40%: 0.001+128+0.017 ms clock, 0.001+41/28/0+0.017 ms cpu, 283->504->327 MB, 565 MB goal, 1 P
gc 351 @42.321s 40%: 0.001+131+0.018 ms clock, 0.001+42/30/0+0.018 ms cpu, 328->506->284 MB, 654 MB goal, 1 P
gc 352 @42.456s 40%: 0.001+120+0.016 ms clock, 0.001+41/28/0+0.016 ms cpu, 285->444->265 MB, 569 MB goal, 1 P
gc 353 @42.579s 41%: 0.001+122+0.016 ms clock, 0.001+41/28/0+0.016 ms cpu, 266->457->297 MB, 530 MB goal, 1 P
gc 354 @42.705s 41%: 0.001+114+0.019 ms clock, 0.001+41/27/0+0.019 ms cpu, 298->463->271 MB, 595 MB goal, 1 P
gc 355 @42.823s 40%: 0.001+279+0.029 ms clock, 0.001+0/69/0+0.029 ms cpu, 272->413->247 MB, 542 MB goal, 1 P
gc 356 @43.189s 40%: 0.005+250+0.020 ms clock, 0.005+0/57/0+0.020 ms cpu, 325->359->121 MB, 495 MB goal, 1 P
num filtered words: 1890358
num different words: 89784
	Command being timed: "./wordcount datasets/wiki0.001.txt"
	User time (seconds): 42.51
	System time (seconds): 1.17
	Percent of CPU this job got: 100%
	Elapsed (wall clock) time (h:mm:ss or m:ss): 0:43.63
	Average shared text size (kbytes): 0
	Average unshared data size (kbytes): 0
	Average stack size (kbytes): 0
	Average total size (kbytes): 0
	Maximum resident set size (kbytes): 920356
	Average resident set size (kbytes): 0
	Major (requiring I/O) page faults: 0
	Minor (reclaiming a frame) page faults: 1691179
	Voluntary context switches: 4458
	Involuntary context switches: 38
	Swaps: 0
	File system inputs: 0
	File system outputs: 0
	Socket messages sent: 0
	Socket messages received: 0
	Signals delivered: 0
	Page size (bytes): 4096
	Exit status: 0
